<?xml version="1.0" encoding="UTF-8"?><testsuite name="nosetests" tests="1" errors="1" failures="0" skip="0"><testcase classname="tests.testcases.insysgo_tests.InsysgoTests" name="test_UC14" time="12.148"><error type="selenium.common.exceptions.WebDriverException" message="Message: unknown error: Element is not clickable at point (-100, 136)&#10;  (Session info: chrome=60.0.3112.113)&#10;  (Driver info: chromedriver=2.30.477700 (0057494ad8732195794a7b32078424f92a5fce41),platform=Windows NT 10.0.15063 x86_64)&#10;&#10;-------------------- &gt;&gt; begin captured logging &lt;&lt; --------------------&#10;wtframework: WARNING: Config file not specified. Using:configs/default.yaml&#10;wtframework: DEBUG: locating config file: C:configs/default.yaml&#10;selenium.webdriver.remote.remote_connection: DEBUG: POST http://127.0.0.1:50010/session {&quot;capabilities&quot;: {&quot;alwaysMatch&quot;: {&quot;platform&quot;: &quot;ANY&quot;, &quot;browserName&quot;: &quot;chrome&quot;, &quot;version&quot;: &quot;&quot;, &quot;chromeOptions&quot;: {&quot;args&quot;: [], &quot;extensions&quot;: []}}, &quot;firstMatch&quot;: []}, &quot;desiredCapabilities&quot;: {&quot;platform&quot;: &quot;ANY&quot;, &quot;browserName&quot;: &quot;chrome&quot;, &quot;version&quot;: &quot;&quot;, &quot;chromeOptions&quot;: {&quot;args&quot;: [], &quot;extensions&quot;: []}}}&#10;selenium.webdriver.remote.remote_connection: DEBUG: Finished Request&#10;selenium.webdriver.remote.remote_connection: DEBUG: POST http://127.0.0.1:50010/session/fe321074506244561b3c1ac9e571d51b/window/current/maximize {&quot;windowHandle&quot;: &quot;current&quot;, &quot;sessionId&quot;: &quot;fe321074506244561b3c1ac9e571d51b&quot;}&#10;selenium.webdriver.remote.remote_connection: DEBUG: Finished Request&#10;selenium.webdriver.remote.remote_connection: DEBUG: POST http://127.0.0.1:50010/session/fe321074506244561b3c1ac9e571d51b/url {&quot;url&quot;: &quot;https://demo.insysgo.pl/&quot;, &quot;sessionId&quot;: &quot;fe321074506244561b3c1ac9e571d51b&quot;}&#10;selenium.webdriver.remote.remote_connection: DEBUG: Finished Request&#10;selenium.webdriver.remote.remote_connection: DEBUG: POST http://127.0.0.1:50010/session/fe321074506244561b3c1ac9e571d51b/element {&quot;using&quot;: &quot;xpath&quot;, &quot;sessionId&quot;: &quot;fe321074506244561b3c1ac9e571d51b&quot;, &quot;value&quot;: &quot;//img[@alt='Logo']&quot;}&#10;selenium.webdriver.remote.remote_connection: DEBUG: Finished Request&#10;selenium.webdriver.remote.remote_connection: DEBUG: GET http://127.0.0.1:50010/session/fe321074506244561b3c1ac9e571d51b/element/0.6041952931310284-1/displayed {&quot;sessionId&quot;: &quot;fe321074506244561b3c1ac9e571d51b&quot;, &quot;id&quot;: &quot;0.6041952931310284-1&quot;}&#10;selenium.webdriver.remote.remote_connection: DEBUG: Finished Request&#10;selenium.webdriver.remote.remote_connection: DEBUG: GET http://127.0.0.1:50010/session/fe321074506244561b3c1ac9e571d51b/element/0.6041952931310284-1/enabled {&quot;sessionId&quot;: &quot;fe321074506244561b3c1ac9e571d51b&quot;, &quot;id&quot;: &quot;0.6041952931310284-1&quot;}&#10;selenium.webdriver.remote.remote_connection: DEBUG: Finished Request&#10;selenium.webdriver.remote.remote_connection: DEBUG: POST http://127.0.0.1:50010/session/fe321074506244561b3c1ac9e571d51b/element {&quot;using&quot;: &quot;xpath&quot;, &quot;sessionId&quot;: &quot;fe321074506244561b3c1ac9e571d51b&quot;, &quot;value&quot;: &quot;//a[@class='theme__button___1iKuo RTButton__raised___z9-mt theme__raised___ONZv6 theme__accent___3MS_k']&quot;}&#10;selenium.webdriver.remote.remote_connection: DEBUG: Finished Request&#10;selenium.webdriver.remote.remote_connection: DEBUG: GET http://127.0.0.1:50010/session/fe321074506244561b3c1ac9e571d51b/element/0.6041952931310284-2/displayed {&quot;sessionId&quot;: &quot;fe321074506244561b3c1ac9e571d51b&quot;, &quot;id&quot;: &quot;0.6041952931310284-2&quot;}&#10;selenium.webdriver.remote.remote_connection: DEBUG: Finished Request&#10;selenium.webdriver.remote.remote_connection: DEBUG: GET http://127.0.0.1:50010/session/fe321074506244561b3c1ac9e571d51b/element/0.6041952931310284-2/enabled {&quot;sessionId&quot;: &quot;fe321074506244561b3c1ac9e571d51b&quot;, &quot;id&quot;: &quot;0.6041952931310284-2&quot;}&#10;selenium.webdriver.remote.remote_connection: DEBUG: Finished Request&#10;selenium.webdriver.remote.remote_connection: DEBUG: POST http://127.0.0.1:50010/session/fe321074506244561b3c1ac9e571d51b/element/0.6041952931310284-2/click {&quot;sessionId&quot;: &quot;fe321074506244561b3c1ac9e571d51b&quot;, &quot;id&quot;: &quot;0.6041952931310284-2&quot;}&#10;selenium.webdriver.remote.remote_connection: DEBUG: Finished Request&#10;selenium.webdriver.remote.remote_connection: DEBUG: POST http://127.0.0.1:50010/session/fe321074506244561b3c1ac9e571d51b/element {&quot;using&quot;: &quot;xpath&quot;, &quot;sessionId&quot;: &quot;fe321074506244561b3c1ac9e571d51b&quot;, &quot;value&quot;: &quot;//h1[@class='LoginForm__title___8wMlp']&quot;}&#10;selenium.webdriver.remote.remote_connection: DEBUG: Finished Request&#10;selenium.webdriver.remote.remote_connection: DEBUG: GET http://127.0.0.1:50010/session/fe321074506244561b3c1ac9e571d51b/element/0.6041952931310284-3/displayed {&quot;sessionId&quot;: &quot;fe321074506244561b3c1ac9e571d51b&quot;, &quot;id&quot;: &quot;0.6041952931310284-3&quot;}&#10;selenium.webdriver.remote.remote_connection: DEBUG: Finished Request&#10;selenium.webdriver.remote.remote_connection: DEBUG: POST http://127.0.0.1:50010/session/fe321074506244561b3c1ac9e571d51b/element {&quot;using&quot;: &quot;xpath&quot;, &quot;sessionId&quot;: &quot;fe321074506244561b3c1ac9e571d51b&quot;, &quot;value&quot;: &quot;//input[@name='Login']&quot;}&#10;selenium.webdriver.remote.remote_connection: DEBUG: Finished Request&#10;selenium.webdriver.remote.remote_connection: DEBUG: GET http://127.0.0.1:50010/session/fe321074506244561b3c1ac9e571d51b/element/0.6041952931310284-4/displayed {&quot;sessionId&quot;: &quot;fe321074506244561b3c1ac9e571d51b&quot;, &quot;id&quot;: &quot;0.6041952931310284-4&quot;}&#10;selenium.webdriver.remote.remote_connection: DEBUG: Finished Request&#10;selenium.webdriver.remote.remote_connection: DEBUG: GET http://127.0.0.1:50010/session/fe321074506244561b3c1ac9e571d51b/element/0.6041952931310284-4/enabled {&quot;sessionId&quot;: &quot;fe321074506244561b3c1ac9e571d51b&quot;, &quot;id&quot;: &quot;0.6041952931310284-4&quot;}&#10;selenium.webdriver.remote.remote_connection: DEBUG: Finished Request&#10;selenium.webdriver.remote.remote_connection: DEBUG: POST http://127.0.0.1:50010/session/fe321074506244561b3c1ac9e571d51b/element {&quot;using&quot;: &quot;xpath&quot;, &quot;sessionId&quot;: &quot;fe321074506244561b3c1ac9e571d51b&quot;, &quot;value&quot;: &quot;//input[@name='Password']&quot;}&#10;selenium.webdriver.remote.remote_connection: DEBUG: Finished Request&#10;selenium.webdriver.remote.remote_connection: DEBUG: GET http://127.0.0.1:50010/session/fe321074506244561b3c1ac9e571d51b/element/0.6041952931310284-5/displayed {&quot;sessionId&quot;: &quot;fe321074506244561b3c1ac9e571d51b&quot;, &quot;id&quot;: &quot;0.6041952931310284-5&quot;}&#10;selenium.webdriver.remote.remote_connection: DEBUG: Finished Request&#10;selenium.webdriver.remote.remote_connection: DEBUG: GET http://127.0.0.1:50010/session/fe321074506244561b3c1ac9e571d51b/element/0.6041952931310284-5/enabled {&quot;sessionId&quot;: &quot;fe321074506244561b3c1ac9e571d51b&quot;, &quot;id&quot;: &quot;0.6041952931310284-5&quot;}&#10;selenium.webdriver.remote.remote_connection: DEBUG: Finished Request&#10;selenium.webdriver.remote.remote_connection: DEBUG: POST http://127.0.0.1:50010/session/fe321074506244561b3c1ac9e571d51b/element {&quot;using&quot;: &quot;xpath&quot;, &quot;sessionId&quot;: &quot;fe321074506244561b3c1ac9e571d51b&quot;, &quot;value&quot;: &quot;//div[@class='LoginForm__messageContent___GadUf']&quot;}&#10;selenium.webdriver.remote.remote_connection: DEBUG: Finished Request&#10;selenium.webdriver.remote.remote_connection: DEBUG: GET http://127.0.0.1:50010/session/fe321074506244561b3c1ac9e571d51b/element/0.6041952931310284-6/displayed {&quot;sessionId&quot;: &quot;fe321074506244561b3c1ac9e571d51b&quot;, &quot;id&quot;: &quot;0.6041952931310284-6&quot;}&#10;selenium.webdriver.remote.remote_connection: DEBUG: Finished Request&#10;selenium.webdriver.remote.remote_connection: DEBUG: POST http://127.0.0.1:50010/session/fe321074506244561b3c1ac9e571d51b/element {&quot;using&quot;: &quot;xpath&quot;, &quot;sessionId&quot;: &quot;fe321074506244561b3c1ac9e571d51b&quot;, &quot;value&quot;: &quot;//div[@class='LoginForm__loginProblems___3MlT8']/a&quot;}&#10;selenium.webdriver.remote.remote_connection: DEBUG: Finished Request&#10;selenium.webdriver.remote.remote_connection: DEBUG: GET http://127.0.0.1:50010/session/fe321074506244561b3c1ac9e571d51b/element/0.6041952931310284-7/displayed {&quot;sessionId&quot;: &quot;fe321074506244561b3c1ac9e571d51b&quot;, &quot;id&quot;: &quot;0.6041952931310284-7&quot;}&#10;selenium.webdriver.remote.remote_connection: DEBUG: Finished Request&#10;selenium.webdriver.remote.remote_connection: DEBUG: GET http://127.0.0.1:50010/session/fe321074506244561b3c1ac9e571d51b/element/0.6041952931310284-7/enabled {&quot;sessionId&quot;: &quot;fe321074506244561b3c1ac9e571d51b&quot;, &quot;id&quot;: &quot;0.6041952931310284-7&quot;}&#10;selenium.webdriver.remote.remote_connection: DEBUG: Finished Request&#10;selenium.webdriver.remote.remote_connection: DEBUG: POST http://127.0.0.1:50010/session/fe321074506244561b3c1ac9e571d51b/element/0.6041952931310284-4/clear {&quot;sessionId&quot;: &quot;fe321074506244561b3c1ac9e571d51b&quot;, &quot;id&quot;: &quot;0.6041952931310284-4&quot;}&#10;selenium.webdriver.remote.remote_connection: DEBUG: Finished Request&#10;selenium.webdriver.remote.remote_connection: DEBUG: POST http://127.0.0.1:50010/session/fe321074506244561b3c1ac9e571d51b/element/0.6041952931310284-5/clear {&quot;sessionId&quot;: &quot;fe321074506244561b3c1ac9e571d51b&quot;, &quot;id&quot;: &quot;0.6041952931310284-5&quot;}&#10;selenium.webdriver.remote.remote_connection: DEBUG: Finished Request&#10;selenium.webdriver.remote.remote_connection: DEBUG: POST http://127.0.0.1:50010/session/fe321074506244561b3c1ac9e571d51b/element/0.6041952931310284-4/value {&quot;text&quot;: &quot;user5&quot;, &quot;sessionId&quot;: &quot;fe321074506244561b3c1ac9e571d51b&quot;, &quot;id&quot;: &quot;0.6041952931310284-4&quot;, &quot;value&quot;: [&quot;u&quot;, &quot;s&quot;, &quot;e&quot;, &quot;r&quot;, &quot;5&quot;]}&#10;selenium.webdriver.remote.remote_connection: DEBUG: Finished Request&#10;selenium.webdriver.remote.remote_connection: DEBUG: POST http://127.0.0.1:50010/session/fe321074506244561b3c1ac9e571d51b/element/0.6041952931310284-5/value {&quot;text&quot;: &quot;user5test&quot;, &quot;sessionId&quot;: &quot;fe321074506244561b3c1ac9e571d51b&quot;, &quot;id&quot;: &quot;0.6041952931310284-5&quot;, &quot;value&quot;: [&quot;u&quot;, &quot;s&quot;, &quot;e&quot;, &quot;r&quot;, &quot;5&quot;, &quot;t&quot;, &quot;e&quot;, &quot;s&quot;, &quot;t&quot;]}&#10;selenium.webdriver.remote.remote_connection: DEBUG: Finished Request&#10;selenium.webdriver.remote.remote_connection: DEBUG: POST http://127.0.0.1:50010/session/fe321074506244561b3c1ac9e571d51b/element {&quot;using&quot;: &quot;xpath&quot;, &quot;sessionId&quot;: &quot;fe321074506244561b3c1ac9e571d51b&quot;, &quot;value&quot;: &quot;//div[@class='LoginForm__submit___1Tali']&quot;}&#10;selenium.webdriver.remote.remote_connection: DEBUG: Finished Request&#10;selenium.webdriver.remote.remote_connection: DEBUG: GET http://127.0.0.1:50010/session/fe321074506244561b3c1ac9e571d51b/element/0.6041952931310284-8/displayed {&quot;sessionId&quot;: &quot;fe321074506244561b3c1ac9e571d51b&quot;, &quot;id&quot;: &quot;0.6041952931310284-8&quot;}&#10;selenium.webdriver.remote.remote_connection: DEBUG: Finished Request&#10;selenium.webdriver.remote.remote_connection: DEBUG: GET http://127.0.0.1:50010/session/fe321074506244561b3c1ac9e571d51b/element/0.6041952931310284-8/enabled {&quot;sessionId&quot;: &quot;fe321074506244561b3c1ac9e571d51b&quot;, &quot;id&quot;: &quot;0.6041952931310284-8&quot;}&#10;selenium.webdriver.remote.remote_connection: DEBUG: Finished Request&#10;selenium.webdriver.remote.remote_connection: DEBUG: POST http://127.0.0.1:50010/session/fe321074506244561b3c1ac9e571d51b/element/0.6041952931310284-8/click {&quot;sessionId&quot;: &quot;fe321074506244561b3c1ac9e571d51b&quot;, &quot;id&quot;: &quot;0.6041952931310284-8&quot;}&#10;selenium.webdriver.remote.remote_connection: DEBUG: Finished Request&#10;selenium.webdriver.remote.remote_connection: DEBUG: POST http://127.0.0.1:50010/session/fe321074506244561b3c1ac9e571d51b/element {&quot;using&quot;: &quot;xpath&quot;, &quot;sessionId&quot;: &quot;fe321074506244561b3c1ac9e571d51b&quot;, &quot;value&quot;: &quot;//a[@class='MainMenu__active___1zVLb']&quot;}&#10;selenium.webdriver.remote.remote_connection: DEBUG: Finished Request&#10;selenium.webdriver.remote.remote_connection: DEBUG: POST http://127.0.0.1:50010/session/fe321074506244561b3c1ac9e571d51b/element {&quot;using&quot;: &quot;xpath&quot;, &quot;sessionId&quot;: &quot;fe321074506244561b3c1ac9e571d51b&quot;, &quot;value&quot;: &quot;//a[@class='MainMenu__active___1zVLb']&quot;}&#10;selenium.webdriver.remote.remote_connection: DEBUG: Finished Request&#10;selenium.webdriver.remote.remote_connection: DEBUG: GET http://127.0.0.1:50010/session/fe321074506244561b3c1ac9e571d51b/element/0.6041952931310284-9/displayed {&quot;sessionId&quot;: &quot;fe321074506244561b3c1ac9e571d51b&quot;, &quot;id&quot;: &quot;0.6041952931310284-9&quot;}&#10;selenium.webdriver.remote.remote_connection: DEBUG: Finished Request&#10;selenium.webdriver.remote.remote_connection: DEBUG: GET http://127.0.0.1:50010/session/fe321074506244561b3c1ac9e571d51b/element/0.6041952931310284-9/enabled {&quot;sessionId&quot;: &quot;fe321074506244561b3c1ac9e571d51b&quot;, &quot;id&quot;: &quot;0.6041952931310284-9&quot;}&#10;selenium.webdriver.remote.remote_connection: DEBUG: Finished Request&#10;selenium.webdriver.remote.remote_connection: DEBUG: POST http://127.0.0.1:50010/session/fe321074506244561b3c1ac9e571d51b/element {&quot;using&quot;: &quot;xpath&quot;, &quot;sessionId&quot;: &quot;fe321074506244561b3c1ac9e571d51b&quot;, &quot;value&quot;: &quot;//a[@href='/epg/teraz-w-tv']&quot;}&#10;selenium.webdriver.remote.remote_connection: DEBUG: Finished Request&#10;selenium.webdriver.remote.remote_connection: DEBUG: GET http://127.0.0.1:50010/session/fe321074506244561b3c1ac9e571d51b/element/0.6041952931310284-10/displayed {&quot;sessionId&quot;: &quot;fe321074506244561b3c1ac9e571d51b&quot;, &quot;id&quot;: &quot;0.6041952931310284-10&quot;}&#10;selenium.webdriver.remote.remote_connection: DEBUG: Finished Request&#10;selenium.webdriver.remote.remote_connection: DEBUG: GET http://127.0.0.1:50010/session/fe321074506244561b3c1ac9e571d51b/element/0.6041952931310284-10/enabled {&quot;sessionId&quot;: &quot;fe321074506244561b3c1ac9e571d51b&quot;, &quot;id&quot;: &quot;0.6041952931310284-10&quot;}&#10;selenium.webdriver.remote.remote_connection: DEBUG: Finished Request&#10;selenium.webdriver.remote.remote_connection: DEBUG: POST http://127.0.0.1:50010/session/fe321074506244561b3c1ac9e571d51b/element {&quot;using&quot;: &quot;xpath&quot;, &quot;sessionId&quot;: &quot;fe321074506244561b3c1ac9e571d51b&quot;, &quot;value&quot;: &quot;//a[@href='/epg']&quot;}&#10;selenium.webdriver.remote.remote_connection: DEBUG: Finished Request&#10;selenium.webdriver.remote.remote_connection: DEBUG: GET http://127.0.0.1:50010/session/fe321074506244561b3c1ac9e571d51b/element/0.6041952931310284-11/displayed {&quot;sessionId&quot;: &quot;fe321074506244561b3c1ac9e571d51b&quot;, &quot;id&quot;: &quot;0.6041952931310284-11&quot;}&#10;selenium.webdriver.remote.remote_connection: DEBUG: Finished Request&#10;selenium.webdriver.remote.remote_connection: DEBUG: GET http://127.0.0.1:50010/session/fe321074506244561b3c1ac9e571d51b/element/0.6041952931310284-11/enabled {&quot;sessionId&quot;: &quot;fe321074506244561b3c1ac9e571d51b&quot;, &quot;id&quot;: &quot;0.6041952931310284-11&quot;}&#10;selenium.webdriver.remote.remote_connection: DEBUG: Finished Request&#10;selenium.webdriver.remote.remote_connection: DEBUG: POST http://127.0.0.1:50010/session/fe321074506244561b3c1ac9e571d51b/element/0.6041952931310284-10/click {&quot;sessionId&quot;: &quot;fe321074506244561b3c1ac9e571d51b&quot;, &quot;id&quot;: &quot;0.6041952931310284-10&quot;}&#10;selenium.webdriver.remote.remote_connection: DEBUG: Finished Request&#10;--------------------- &gt;&gt; end captured logging &lt;&lt; ---------------------"><![CDATA[  File "c:\virtual_env\python27\lib\site-packages\wtframework\wtf\testobjects\testcase.py", line 125, in run
    testMethod()
  File "C:\gui_tests_jankowski\tests\testcases\insysgo_tests.py", line 43, in test_UC14
    NavBar(self.driver).nowontv.click()
  File "c:\virtual_env\python27\lib\site-packages\selenium\webdriver\remote\webelement.py", line 77, in click
    self._execute(Command.CLICK_ELEMENT)
  File "c:\virtual_env\python27\lib\site-packages\selenium\webdriver\remote\webelement.py", line 493, in _execute
    return self._parent.execute(command, params)
  File "c:\virtual_env\python27\lib\site-packages\selenium\webdriver\remote\webdriver.py", line 252, in execute
    self.error_handler.check_response(response)
  File "c:\virtual_env\python27\lib\site-packages\selenium\webdriver\remote\errorhandler.py", line 194, in check_response
    raise exception_class(message, screen, stacktrace)
'Message: unknown error: Element is not clickable at point (-100, 136)\n  (Session info: chrome=60.0.3112.113)\n  (Driver info: chromedriver=2.30.477700 (0057494ad8732195794a7b32078424f92a5fce41),platform=Windows NT 10.0.15063 x86_64)\n\n-------------------- >> begin captured logging << --------------------\nwtframework: WARNING: Config file not specified. Using:configs/default.yaml\nwtframework: DEBUG: locating config file: C:configs/default.yaml\nselenium.webdriver.remote.remote_connection: DEBUG: POST http://127.0.0.1:50010/session {"capabilities": {"alwaysMatch": {"platform": "ANY", "browserName": "chrome", "version": "", "chromeOptions": {"args": [], "extensions": []}}, "firstMatch": []}, "desiredCapabilities": {"platform": "ANY", "browserName": "chrome", "version": "", "chromeOptions": {"args": [], "extensions": []}}}\nselenium.webdriver.remote.remote_connection: DEBUG: Finished Request\nselenium.webdriver.remote.remote_connection: DEBUG: POST http://127.0.0.1:50010/session/fe321074506244561b3c1ac9e571d51b/window/current/maximize {"windowHandle": "current", "sessionId": "fe321074506244561b3c1ac9e571d51b"}\nselenium.webdriver.remote.remote_connection: DEBUG: Finished Request\nselenium.webdriver.remote.remote_connection: DEBUG: POST http://127.0.0.1:50010/session/fe321074506244561b3c1ac9e571d51b/url {"url": "https://demo.insysgo.pl/", "sessionId": "fe321074506244561b3c1ac9e571d51b"}\nselenium.webdriver.remote.remote_connection: DEBUG: Finished Request\nselenium.webdriver.remote.remote_connection: DEBUG: POST http://127.0.0.1:50010/session/fe321074506244561b3c1ac9e571d51b/element {"using": "xpath", "sessionId": "fe321074506244561b3c1ac9e571d51b", "value": "//img[@alt=\'Logo\']"}\nselenium.webdriver.remote.remote_connection: DEBUG: Finished Request\nselenium.webdriver.remote.remote_connection: DEBUG: GET http://127.0.0.1:50010/session/fe321074506244561b3c1ac9e571d51b/element/0.6041952931310284-1/displayed {"sessionId": "fe321074506244561b3c1ac9e571d51b", "id": "0.6041952931310284-1"}\nselenium.webdriver.remote.remote_connection: DEBUG: Finished Request\nselenium.webdriver.remote.remote_connection: DEBUG: GET http://127.0.0.1:50010/session/fe321074506244561b3c1ac9e571d51b/element/0.6041952931310284-1/enabled {"sessionId": "fe321074506244561b3c1ac9e571d51b", "id": "0.6041952931310284-1"}\nselenium.webdriver.remote.remote_connection: DEBUG: Finished Request\nselenium.webdriver.remote.remote_connection: DEBUG: POST http://127.0.0.1:50010/session/fe321074506244561b3c1ac9e571d51b/element {"using": "xpath", "sessionId": "fe321074506244561b3c1ac9e571d51b", "value": "//a[@class=\'theme__button___1iKuo RTButton__raised___z9-mt theme__raised___ONZv6 theme__accent___3MS_k\']"}\nselenium.webdriver.remote.remote_connection: DEBUG: Finished Request\nselenium.webdriver.remote.remote_connection: DEBUG: GET http://127.0.0.1:50010/session/fe321074506244561b3c1ac9e571d51b/element/0.6041952931310284-2/displayed {"sessionId": "fe321074506244561b3c1ac9e571d51b", "id": "0.6041952931310284-2"}\nselenium.webdriver.remote.remote_connection: DEBUG: Finished Request\nselenium.webdriver.remote.remote_connection: DEBUG: GET http://127.0.0.1:50010/session/fe321074506244561b3c1ac9e571d51b/element/0.6041952931310284-2/enabled {"sessionId": "fe321074506244561b3c1ac9e571d51b", "id": "0.6041952931310284-2"}\nselenium.webdriver.remote.remote_connection: DEBUG: Finished Request\nselenium.webdriver.remote.remote_connection: DEBUG: POST http://127.0.0.1:50010/session/fe321074506244561b3c1ac9e571d51b/element/0.6041952931310284-2/click {"sessionId": "fe321074506244561b3c1ac9e571d51b", "id": "0.6041952931310284-2"}\nselenium.webdriver.remote.remote_connection: DEBUG: Finished Request\nselenium.webdriver.remote.remote_connection: DEBUG: POST http://127.0.0.1:50010/session/fe321074506244561b3c1ac9e571d51b/element {"using": "xpath", "sessionId": "fe321074506244561b3c1ac9e571d51b", "value": "//h1[@class=\'LoginForm__title___8wMlp\']"}\nselenium.webdriver.remote.remote_connection: DEBUG: Finished Request\nselenium.webdriver.remote.remote_connection: DEBUG: GET http://127.0.0.1:50010/session/fe321074506244561b3c1ac9e571d51b/element/0.6041952931310284-3/displayed {"sessionId": "fe321074506244561b3c1ac9e571d51b", "id": "0.6041952931310284-3"}\nselenium.webdriver.remote.remote_connection: DEBUG: Finished Request\nselenium.webdriver.remote.remote_connection: DEBUG: POST http://127.0.0.1:50010/session/fe321074506244561b3c1ac9e571d51b/element {"using": "xpath", "sessionId": "fe321074506244561b3c1ac9e571d51b", "value": "//input[@name=\'Login\']"}\nselenium.webdriver.remote.remote_connection: DEBUG: Finished Request\nselenium.webdriver.remote.remote_connection: DEBUG: GET http://127.0.0.1:50010/session/fe321074506244561b3c1ac9e571d51b/element/0.6041952931310284-4/displayed {"sessionId": "fe321074506244561b3c1ac9e571d51b", "id": "0.6041952931310284-4"}\nselenium.webdriver.remote.remote_connection: DEBUG: Finished Request\nselenium.webdriver.remote.remote_connection: DEBUG: GET http://127.0.0.1:50010/session/fe321074506244561b3c1ac9e571d51b/element/0.6041952931310284-4/enabled {"sessionId": "fe321074506244561b3c1ac9e571d51b", "id": "0.6041952931310284-4"}\nselenium.webdriver.remote.remote_connection: DEBUG: Finished Request\nselenium.webdriver.remote.remote_connection: DEBUG: POST http://127.0.0.1:50010/session/fe321074506244561b3c1ac9e571d51b/element {"using": "xpath", "sessionId": "fe321074506244561b3c1ac9e571d51b", "value": "//input[@name=\'Password\']"}\nselenium.webdriver.remote.remote_connection: DEBUG: Finished Request\nselenium.webdriver.remote.remote_connection: DEBUG: GET http://127.0.0.1:50010/session/fe321074506244561b3c1ac9e571d51b/element/0.6041952931310284-5/displayed {"sessionId": "fe321074506244561b3c1ac9e571d51b", "id": "0.6041952931310284-5"}\nselenium.webdriver.remote.remote_connection: DEBUG: Finished Request\nselenium.webdriver.remote.remote_connection: DEBUG: GET http://127.0.0.1:50010/session/fe321074506244561b3c1ac9e571d51b/element/0.6041952931310284-5/enabled {"sessionId": "fe321074506244561b3c1ac9e571d51b", "id": "0.6041952931310284-5"}\nselenium.webdriver.remote.remote_connection: DEBUG: Finished Request\nselenium.webdriver.remote.remote_connection: DEBUG: POST http://127.0.0.1:50010/session/fe321074506244561b3c1ac9e571d51b/element {"using": "xpath", "sessionId": "fe321074506244561b3c1ac9e571d51b", "value": "//div[@class=\'LoginForm__messageContent___GadUf\']"}\nselenium.webdriver.remote.remote_connection: DEBUG: Finished Request\nselenium.webdriver.remote.remote_connection: DEBUG: GET http://127.0.0.1:50010/session/fe321074506244561b3c1ac9e571d51b/element/0.6041952931310284-6/displayed {"sessionId": "fe321074506244561b3c1ac9e571d51b", "id": "0.6041952931310284-6"}\nselenium.webdriver.remote.remote_connection: DEBUG: Finished Request\nselenium.webdriver.remote.remote_connection: DEBUG: POST http://127.0.0.1:50010/session/fe321074506244561b3c1ac9e571d51b/element {"using": "xpath", "sessionId": "fe321074506244561b3c1ac9e571d51b", "value": "//div[@class=\'LoginForm__loginProblems___3MlT8\']/a"}\nselenium.webdriver.remote.remote_connection: DEBUG: Finished Request\nselenium.webdriver.remote.remote_connection: DEBUG: GET http://127.0.0.1:50010/session/fe321074506244561b3c1ac9e571d51b/element/0.6041952931310284-7/displayed {"sessionId": "fe321074506244561b3c1ac9e571d51b", "id": "0.6041952931310284-7"}\nselenium.webdriver.remote.remote_connection: DEBUG: Finished Request\nselenium.webdriver.remote.remote_connection: DEBUG: GET http://127.0.0.1:50010/session/fe321074506244561b3c1ac9e571d51b/element/0.6041952931310284-7/enabled {"sessionId": "fe321074506244561b3c1ac9e571d51b", "id": "0.6041952931310284-7"}\nselenium.webdriver.remote.remote_connection: DEBUG: Finished Request\nselenium.webdriver.remote.remote_connection: DEBUG: POST http://127.0.0.1:50010/session/fe321074506244561b3c1ac9e571d51b/element/0.6041952931310284-4/clear {"sessionId": "fe321074506244561b3c1ac9e571d51b", "id": "0.6041952931310284-4"}\nselenium.webdriver.remote.remote_connection: DEBUG: Finished Request\nselenium.webdriver.remote.remote_connection: DEBUG: POST http://127.0.0.1:50010/session/fe321074506244561b3c1ac9e571d51b/element/0.6041952931310284-5/clear {"sessionId": "fe321074506244561b3c1ac9e571d51b", "id": "0.6041952931310284-5"}\nselenium.webdriver.remote.remote_connection: DEBUG: Finished Request\nselenium.webdriver.remote.remote_connection: DEBUG: POST http://127.0.0.1:50010/session/fe321074506244561b3c1ac9e571d51b/element/0.6041952931310284-4/value {"text": "user5", "sessionId": "fe321074506244561b3c1ac9e571d51b", "id": "0.6041952931310284-4", "value": ["u", "s", "e", "r", "5"]}\nselenium.webdriver.remote.remote_connection: DEBUG: Finished Request\nselenium.webdriver.remote.remote_connection: DEBUG: POST http://127.0.0.1:50010/session/fe321074506244561b3c1ac9e571d51b/element/0.6041952931310284-5/value {"text": "user5test", "sessionId": "fe321074506244561b3c1ac9e571d51b", "id": "0.6041952931310284-5", "value": ["u", "s", "e", "r", "5", "t", "e", "s", "t"]}\nselenium.webdriver.remote.remote_connection: DEBUG: Finished Request\nselenium.webdriver.remote.remote_connection: DEBUG: POST http://127.0.0.1:50010/session/fe321074506244561b3c1ac9e571d51b/element {"using": "xpath", "sessionId": "fe321074506244561b3c1ac9e571d51b", "value": "//div[@class=\'LoginForm__submit___1Tali\']"}\nselenium.webdriver.remote.remote_connection: DEBUG: Finished Request\nselenium.webdriver.remote.remote_connection: DEBUG: GET http://127.0.0.1:50010/session/fe321074506244561b3c1ac9e571d51b/element/0.6041952931310284-8/displayed {"sessionId": "fe321074506244561b3c1ac9e571d51b", "id": "0.6041952931310284-8"}\nselenium.webdriver.remote.remote_connection: DEBUG: Finished Request\nselenium.webdriver.remote.remote_connection: DEBUG: GET http://127.0.0.1:50010/session/fe321074506244561b3c1ac9e571d51b/element/0.6041952931310284-8/enabled {"sessionId": "fe321074506244561b3c1ac9e571d51b", "id": "0.6041952931310284-8"}\nselenium.webdriver.remote.remote_connection: DEBUG: Finished Request\nselenium.webdriver.remote.remote_connection: DEBUG: POST http://127.0.0.1:50010/session/fe321074506244561b3c1ac9e571d51b/element/0.6041952931310284-8/click {"sessionId": "fe321074506244561b3c1ac9e571d51b", "id": "0.6041952931310284-8"}\nselenium.webdriver.remote.remote_connection: DEBUG: Finished Request\nselenium.webdriver.remote.remote_connection: DEBUG: POST http://127.0.0.1:50010/session/fe321074506244561b3c1ac9e571d51b/element {"using": "xpath", "sessionId": "fe321074506244561b3c1ac9e571d51b", "value": "//a[@class=\'MainMenu__active___1zVLb\']"}\nselenium.webdriver.remote.remote_connection: DEBUG: Finished Request\nselenium.webdriver.remote.remote_connection: DEBUG: POST http://127.0.0.1:50010/session/fe321074506244561b3c1ac9e571d51b/element {"using": "xpath", "sessionId": "fe321074506244561b3c1ac9e571d51b", "value": "//a[@class=\'MainMenu__active___1zVLb\']"}\nselenium.webdriver.remote.remote_connection: DEBUG: Finished Request\nselenium.webdriver.remote.remote_connection: DEBUG: GET http://127.0.0.1:50010/session/fe321074506244561b3c1ac9e571d51b/element/0.6041952931310284-9/displayed {"sessionId": "fe321074506244561b3c1ac9e571d51b", "id": "0.6041952931310284-9"}\nselenium.webdriver.remote.remote_connection: DEBUG: Finished Request\nselenium.webdriver.remote.remote_connection: DEBUG: GET http://127.0.0.1:50010/session/fe321074506244561b3c1ac9e571d51b/element/0.6041952931310284-9/enabled {"sessionId": "fe321074506244561b3c1ac9e571d51b", "id": "0.6041952931310284-9"}\nselenium.webdriver.remote.remote_connection: DEBUG: Finished Request\nselenium.webdriver.remote.remote_connection: DEBUG: POST http://127.0.0.1:50010/session/fe321074506244561b3c1ac9e571d51b/element {"using": "xpath", "sessionId": "fe321074506244561b3c1ac9e571d51b", "value": "//a[@href=\'/epg/teraz-w-tv\']"}\nselenium.webdriver.remote.remote_connection: DEBUG: Finished Request\nselenium.webdriver.remote.remote_connection: DEBUG: GET http://127.0.0.1:50010/session/fe321074506244561b3c1ac9e571d51b/element/0.6041952931310284-10/displayed {"sessionId": "fe321074506244561b3c1ac9e571d51b", "id": "0.6041952931310284-10"}\nselenium.webdriver.remote.remote_connection: DEBUG: Finished Request\nselenium.webdriver.remote.remote_connection: DEBUG: GET http://127.0.0.1:50010/session/fe321074506244561b3c1ac9e571d51b/element/0.6041952931310284-10/enabled {"sessionId": "fe321074506244561b3c1ac9e571d51b", "id": "0.6041952931310284-10"}\nselenium.webdriver.remote.remote_connection: DEBUG: Finished Request\nselenium.webdriver.remote.remote_connection: DEBUG: POST http://127.0.0.1:50010/session/fe321074506244561b3c1ac9e571d51b/element {"using": "xpath", "sessionId": "fe321074506244561b3c1ac9e571d51b", "value": "//a[@href=\'/epg\']"}\nselenium.webdriver.remote.remote_connection: DEBUG: Finished Request\nselenium.webdriver.remote.remote_connection: DEBUG: GET http://127.0.0.1:50010/session/fe321074506244561b3c1ac9e571d51b/element/0.6041952931310284-11/displayed {"sessionId": "fe321074506244561b3c1ac9e571d51b", "id": "0.6041952931310284-11"}\nselenium.webdriver.remote.remote_connection: DEBUG: Finished Request\nselenium.webdriver.remote.remote_connection: DEBUG: GET http://127.0.0.1:50010/session/fe321074506244561b3c1ac9e571d51b/element/0.6041952931310284-11/enabled {"sessionId": "fe321074506244561b3c1ac9e571d51b", "id": "0.6041952931310284-11"}\nselenium.webdriver.remote.remote_connection: DEBUG: Finished Request\nselenium.webdriver.remote.remote_connection: DEBUG: POST http://127.0.0.1:50010/session/fe321074506244561b3c1ac9e571d51b/element/0.6041952931310284-10/click {"sessionId": "fe321074506244561b3c1ac9e571d51b", "id": "0.6041952931310284-10"}\nselenium.webdriver.remote.remote_connection: DEBUG: Finished Request\n--------------------- >> end captured logging << ---------------------']]></error></testcase></testsuite>